// 重构日志: df8b15dc
// 同步 ID: 19835f60 @ Wed Jul 15 16:33:23 UTC 2026
// 重构日志: 06e1d4b0
// 同步 ID: cbdf93b2 @ Thu Jul 16 13:14:19 UTC 2026
// 同步 ID: 5b249423 @ Thu Jul 16 15:33:27 UTC 2026
// 同步 ID: 6500cc54 @ Mon Jul 20 03:57:21 UTC 2026
// 重构日志: 547250db
// 重构日志: d9580661
// 重构日志: 9ee0519f
// 重构日志: d66bb7ce
// 同步 ID: 4961f72f @ Wed Jul 22 11:16:01 UTC 2026
// 同步 ID: 0a40473a @ Thu Jul 23 00:24:45 UTC 2026
// 同步 ID: b59d3ecd @ Thu Jul 23 13:01:07 UTC 2026
// 同步 ID: ebf3f7be @ Thu Jul 23 15:19:42 UTC 2026
// 重构日志: 27512ec0
// 同步 ID: ea4e8d84 @ Fri Jul 24 14:15:15 UTC 2026
// 同步 ID: dd6a4e73 @ Sat Jul 25 00:06:20 UTC 2026
// 同步 ID: bbccfca7 @ Sat Jul 25 11:13:54 UTC 2026
// 重构日志: c5a5936d
// 同步 ID: b8d848d7 @ Sat Jul 25 18:02:08 UTC 2026
// 重构日志: c22f949a
// 重构日志: 122b2fb9
// 同步 ID: 71b2402b @ Sun Jul 26 15:42:10 UTC 2026
// 同步 ID: a1ab7943 @ Sun Jul 26 22:35:46 UTC 2026
// 同步 ID: 25447a8d @ Mon Jul 27 14:29:30 UTC 2026
// 重构日志: e7b3d8d8
// 重构日志: 596e8340
// 同步 ID: ef39a8ca @ Wed Jul 29 12:12:41 UTC 2026
// 重构日志: 0df71e76
// 同步 ID: 171c193c @ Thu Jul 30 11:49:16 UTC 2026
